Checking for wasm32-unknown-unknown target...
Checking connection to Arbitrum Sepolia...
Connected to Arbitrum Sepolia!
Deployer address: 0x5bc6f16Ca189D3C8d3Fbaf367611fB04a0B7b309
Deploying first ERC20 token contract (Token0) to Arbitrum Sepolia...
Token0 contract deployed at address: 0xab0532348842d303883adcb6a8dc5ad1f323caf4
Token0 transaction hash: 0x91d8f4ad79b63df990a73a9eaac009904bd5195e0f9e03d95798f49df41aa448
Deploying second ERC20 token contract (Token1) to Arbitrum Sepolia...
Token1 contract deployed at address: 0x1a816c9d937053da2fc29897f10845d5e1443219
Token1 transaction hash: 0x9229fd24b5c285761fc0a26e86bef3bc6c11f93e6ed8c3b7256151d67ff3cb30
Minting tokens for testing...

blockHash            0xbc87ba578432b499659d145a153bd1a78278baaba4d0f6bc6d6261b585b9ceb1
blockNumber          180820545
contractAddress      
cumulativeGasUsed    72311
effectiveGasPrice    100000000
from                 0x5bc6f16Ca189D3C8d3Fbaf367611fB04a0B7b309
gasUsed              72311
logs                 [{"address":"0xab0532348842d303883adcb6a8dc5ad1f323caf4","topics":["0xddf252ad1be2c89b69c2b068fc378daa952ba7f163c4a11628f55a4df523b3ef","0x0000000000000000000000000000000000000000000000000000000000000000","0x0000000000000000000000005bc6f16ca189d3c8d3fbaf367611fb04a0b7b309"],"data":"0x00000000000000000000000000000000000000000000003635c9adc5dea00000","blockHash":"0xbc87ba578432b499659d145a153bd1a78278baaba4d0f6bc6d6261b585b9ceb1","blockNumber":"0xac71a41","transactionHash":"0xf0b6b0a0d3533a7b471a780900129656304821b70725d6d4fbbd721a33109218","transactionIndex":"0x1","logIndex":"0x0","removed":false}]
logsBloom            0x00000000000000000000000000000000000000000000000080000000000000000000000000000000000000000000000000000000000000000000000000000000000000000000000000000008000000000000000000000000000000000000000000000000028800000000000000000800000000000000000000000010000000000000000000000000000000000000000000000000000000000000000000000000000000000000000000000000000000000000000000000000000000000000000000000003000000000000000000000000000000010000000000000000000030000000000000000000000000000000000000000000000000000000000000000000
root                 
status               1 (success)
transactionHash      0xf0b6b0a0d3533a7b471a780900129656304821b70725d6d4fbbd721a33109218
transactionIndex     1
type                 2
blobGasPrice         
blobGasUsed          
to                   0xaB0532348842d303883ADcB6a8DC5AD1F323caf4
gasUsedForL1         0
l1BlockNumber        8916312
timeboosted          false


blockHash            0x28bcf0c2d1fce0589f378dfb0e1c2c582d12352799acb3227d82e3a95a2cca6a
blockNumber          180820559
contractAddress      
cumulativeGasUsed    342926
effectiveGasPrice    100000000
from                 0x5bc6f16Ca189D3C8d3Fbaf367611fB04a0B7b309
gasUsed              72311
logs                 [{"address":"0x1a816c9d937053da2fc29897f10845d5e1443219","topics":["0xddf252ad1be2c89b69c2b068fc378daa952ba7f163c4a11628f55a4df523b3ef","0x0000000000000000000000000000000000000000000000000000000000000000","0x0000000000000000000000005bc6f16ca189d3c8d3fbaf367611fb04a0b7b309"],"data":"0x00000000000000000000000000000000000000000000003635c9adc5dea00000","blockHash":"0x28bcf0c2d1fce0589f378dfb0e1c2c582d12352799acb3227d82e3a95a2cca6a","blockNumber":"0xac71a4f","transactionHash":"0xda6e5d2c417f6ebdaedabf3823f248948e6ab0aea6a95df345d05d5e92520d5f","transactionIndex":"0x4","logIndex":"0x8","removed":false}]
logsBloom            0x00000000000000000000000000000000000000000000000080000000000000000000880000000000000000000000000000000000000000000000000000000000000000000000000000000008000000000000000000000000000000000000000000000000020000080000000000000800000000000000000000000010000000000000000000000000000000000000000000000000000000000000000000000000000000000000000000000000000000000000000000000000000000000000000000000002000000000000000000000000000000010000000000000000000030000000000000000000000000000000000000000000000000000000000000000000
root                 
status               1 (success)
transactionHash      0xda6e5d2c417f6ebdaedabf3823f248948e6ab0aea6a95df345d05d5e92520d5f
transactionIndex     4
type                 2
blobGasPrice         
blobGasUsed          
to                   0x1a816c9d937053da2fC29897F10845d5E1443219
gasUsedForL1         0
l1BlockNumber        8916312
timeboosted          false

Tokens minted to deployer address.
Deploying the Uniswap V2 contract to Arbitrum Sepolia using cargo stylus...
Uniswap V2 contract deployed successfully!
Transaction hash: 0xcf3ad9653f8d88c6052027bd8dcf7e75fe257f4845fe2f78aa500b7825c54334
Uniswap V2 contract address: 0x036c64fa5af80d14d976a62e25614075ca6a0fb7
Deployment info saved to build/stylus-deployment-info.json
Deployment completed successfully on Arbitrum Sepolia!
Summary of deployed contracts:
- Token0: 0xab0532348842d303883adcb6a8dc5ad1f323caf4
- Token1: 0x1a816c9d937053da2fc29897f10845d5e1443219
- Uniswap V2: 0x036c64fa5af80d14d976a62e25614075ca6a0fb7
